[ 10, 20, 40, 80, 160 ]
[ 10, 10, 10, 10, 10 ]
[ 5, 5, 5, 5, 5, 5, 5, 5, 5, 5, 5, 5, 5, 5 ]
