[ 10, 20, 40, 80, 160 ]
Runtime Error: Array index out of bounds!
