a
ab
cba
equals1
equals2
equals3
equals4
aaaaaaaa
