A: [4, 8] 
**************
* B: [-2, 5] *
**************
******************
* C: [-3, -3, 0] *
******************
