null.length 
Runtime Error: Null pointer dereference!
