null[2] 
Runtime Error: Null pointer dereference!
