null.field 
Runtime Error: Null pointer dereference!
