null.method 
Runtime Error: Null pointer dereference!
